2025-11-18 11:15:26,433 - __main__ - INFO - Starting database initialization...
2025-11-18 11:15:26,592 - __main__ - ERROR - Database initialization error: 'CMySQLConnection' object has no attribute 'select_db'
2025-11-18 11:42:50,041 - __main__ - INFO - Starting database initialization...
2025-11-18 11:42:50,860 - __main__ - INFO - Database initialization completed successfully
2025-11-18 11:43:48,203 - __main__ - INFO - Starting database initialization...
2025-11-18 11:43:48,261 - __main__ - INFO - Database initialization completed successfully
2025-11-18 12:12:47,897 - __main__ - INFO - Starting database initialization...
2025-11-18 12:12:48,096 - __main__ - INFO - Database initialization completed successfully
2025-11-20 20:57:21,029 - __main__ - INFO - Starting Water Pump Management System
2025-11-20 20:57:21,231 - __main__ - INFO - Initializing database...
2025-11-20 20:57:25,483 - database - ERROR - Database initialization failed: 2003 (HY000): Can't connect to MySQL server on 'localhost:3306' (10061)
2025-11-20 20:57:25,483 - __main__ - ERROR - Failed to initialize database
2025-11-20 20:57:46,673 - __main__ - INFO - Starting Water Pump Management System
2025-11-20 20:57:46,712 - __main__ - INFO - Initializing database...
2025-11-20 20:57:46,874 - __main__ - INFO - Database initialized successfully
2025-11-20 20:57:46,874 - __main__ - INFO - Creating main window...
2025-11-20 20:58:02,974 - database - INFO - Database connection established
2025-11-20 20:58:02,980 - database - INFO - Database connection established
2025-11-20 20:58:02,987 - database - INFO - Database connection closed
2025-11-20 20:58:03,022 - database - INFO - Database connection established
2025-11-20 20:58:03,025 - database - INFO - Database connection closed
2025-11-20 20:58:03,047 - database - INFO - Database connection established
2025-11-20 20:58:03,051 - database - INFO - Database connection closed
2025-11-20 20:58:05,619 - database - INFO - Database connection established
2025-11-20 20:58:05,620 - database - INFO - Database connection closed
2025-11-20 20:58:08,070 - database - INFO - Database connection established
2025-11-20 20:58:08,072 - database - INFO - Database connection closed
2025-11-20 20:58:09,301 - database - INFO - Database connection established
2025-11-20 20:58:09,303 - database - INFO - Database connection closed
2025-11-20 20:58:09,327 - database - INFO - Database connection established
2025-11-20 20:58:09,341 - database - INFO - Database connection closed
2025-11-20 20:58:09,378 - database - INFO - Database connection established
2025-11-20 20:58:09,381 - database - INFO - Database connection closed
2025-11-20 20:58:09,410 - database - INFO - Database connection established
2025-11-20 20:58:09,411 - database - INFO - Database connection closed
2025-11-20 20:58:09,413 - database - INFO - Database connection established
2025-11-20 20:58:09,414 - database - INFO - Database connection closed
2025-11-20 20:58:09,490 - database - INFO - Database connection established
2025-11-20 20:58:09,493 - database - INFO - Database connection closed
2025-11-20 20:58:11,241 - __main__ - INFO - Application started successfully
2025-11-20 20:58:13,064 - database - INFO - Database connection established
2025-11-20 20:58:13,065 - database - INFO - Database connection closed
2025-11-20 20:58:18,075 - database - INFO - Database connection established
2025-11-20 20:58:18,076 - database - INFO - Database connection closed
2025-11-20 20:58:23,066 - database - INFO - Database connection established
2025-11-20 20:58:23,067 - database - INFO - Database connection closed
2025-11-20 20:58:24,804 - database - INFO - Database connection established
2025-11-20 20:58:24,805 - database - INFO - Database connection closed
2025-11-20 20:58:28,068 - database - INFO - Database connection established
2025-11-20 20:58:28,070 - database - INFO - Database connection closed
2025-11-20 20:58:31,278 - database - INFO - Database connection established
2025-11-20 20:58:31,287 - database - INFO - Database connection established
2025-11-20 20:58:31,290 - database - INFO - Database connection closed
2025-11-20 20:58:31,291 - database - ERROR - Update execution failed: MySQL Connection not available.
2025-11-20 20:58:33,064 - database - INFO - Database connection established
2025-11-20 20:58:33,066 - database - INFO - Database connection closed
2025-11-20 20:58:36,402 - database - INFO - Database connection established
2025-11-20 20:58:36,410 - database - INFO - Database connection established
2025-11-20 20:58:36,415 - database - INFO - Database connection closed
2025-11-20 20:58:36,415 - database - ERROR - Update execution failed: MySQL Connection not available.
2025-11-20 20:58:38,073 - database - INFO - Database connection established
2025-11-20 20:58:38,074 - database - INFO - Database connection closed
2025-11-20 20:58:40,192 - database - INFO - Database connection established
2025-11-20 20:58:40,199 - database - INFO - Database connection established
2025-11-20 20:58:40,200 - database - INFO - Database connection closed
2025-11-20 20:58:40,200 - database - ERROR - Update execution failed: MySQL Connection not available.
2025-11-20 20:58:43,068 - database - INFO - Database connection established
2025-11-20 20:58:43,069 - database - INFO - Database connection closed
2025-11-20 20:58:48,072 - database - INFO - Database connection established
2025-11-20 20:58:48,073 - database - INFO - Database connection closed
2025-11-20 20:58:49,088 - database - INFO - Database connection established
2025-11-20 20:58:49,095 - database - INFO - Database connection established
2025-11-20 20:58:49,096 - database - INFO - Database connection closed
2025-11-20 20:58:49,096 - database - ERROR - Update execution failed: MySQL Connection not available.
2025-11-20 20:58:53,070 - database - INFO - Database connection established
2025-11-20 20:58:53,071 - database - INFO - Database connection closed
2025-11-20 20:58:58,061 - database - INFO - Database connection established
2025-11-20 20:58:58,063 - database - INFO - Database connection closed
2025-11-20 20:59:03,073 - database - INFO - Database connection established
2025-11-20 20:59:03,075 - database - INFO - Database connection closed
2025-11-20 20:59:08,068 - database - INFO - Database connection established
2025-11-20 20:59:08,070 - database - INFO - Database connection closed
2025-11-20 20:59:13,061 - database - INFO - Database connection established
2025-11-20 20:59:13,063 - database - INFO - Database connection closed
2025-11-20 20:59:18,068 - database - INFO - Database connection established
2025-11-20 20:59:18,069 - database - INFO - Database connection closed
2025-11-20 20:59:18,600 - database - INFO - Database connection established
2025-11-20 20:59:19,702 - database - INFO - Database connection established
2025-11-20 20:59:19,704 - database - INFO - Database connection closed
2025-11-20 20:59:23,062 - database - INFO - Database connection established
2025-11-20 20:59:23,063 - database - INFO - Database connection closed
2025-11-20 20:59:28,069 - database - INFO - Database connection established
2025-11-20 20:59:28,071 - database - INFO - Database connection closed
2025-11-20 20:59:32,996 - database - INFO - Database connection established
2025-11-20 20:59:32,997 - database - INFO - Database connection closed
2025-11-20 20:59:33,068 - database - INFO - Database connection established
2025-11-20 20:59:33,070 - database - INFO - Database connection closed
2025-11-20 20:59:34,019 - database - INFO - Database connection established
2025-11-20 20:59:34,020 - database - INFO - Database connection closed
2025-11-20 20:59:37,134 - database - INFO - Database connection established
2025-11-20 20:59:37,136 - database - INFO - Database connection closed
2025-11-20 20:59:38,067 - database - INFO - Database connection established
2025-11-20 20:59:38,068 - database - INFO - Database connection closed
2025-11-20 20:59:38,509 - database - INFO - Database connection established
2025-11-20 20:59:38,511 - database - INFO - Database connection closed
2025-11-20 20:59:43,066 - database - INFO - Database connection established
2025-11-20 20:59:43,068 - database - INFO - Database connection closed
2025-11-20 20:59:48,071 - database - INFO - Database connection established
2025-11-20 20:59:48,073 - database - INFO - Database connection closed
2025-11-20 20:59:50,901 - database - INFO - Database connection established
2025-11-20 20:59:50,903 - database - INFO - Database connection closed
2025-11-20 20:59:53,074 - database - INFO - Database connection established
2025-11-20 20:59:53,075 - database - INFO - Database connection closed
2025-11-20 20:59:58,077 - database - INFO - Database connection established
2025-11-20 20:59:58,078 - database - INFO - Database connection closed
2025-11-20 21:00:03,097 - database - INFO - Database connection established
2025-11-20 21:00:03,099 - database - INFO - Database connection closed
2025-11-20 21:00:04,328 - database - INFO - Database connection established
2025-11-20 21:00:04,330 - database - INFO - Database connection closed
2025-11-20 21:00:05,401 - database - INFO - Database connection established
2025-11-20 21:00:05,403 - database - INFO - Database connection closed
2025-11-20 21:00:08,086 - database - INFO - Database connection established
2025-11-20 21:00:08,088 - database - INFO - Database connection closed
2025-11-20 21:00:13,091 - database - INFO - Database connection established
2025-11-20 21:00:13,092 - database - INFO - Database connection closed
2025-11-20 21:00:18,080 - database - INFO - Database connection established
2025-11-20 21:00:18,081 - database - INFO - Database connection closed
2025-11-20 21:00:23,078 - database - INFO - Database connection established
2025-11-20 21:00:23,079 - database - INFO - Database connection closed
2025-11-20 21:00:28,058 - database - INFO - Database connection established
2025-11-20 21:00:28,062 - database - INFO - Database connection closed
2025-11-20 21:01:40,577 - __main__ - INFO - Starting Water Pump Management System
2025-11-20 21:01:40,616 - __main__ - INFO - Initializing database...
2025-11-20 21:01:40,726 - __main__ - INFO - Database initialized successfully
2025-11-20 21:01:40,726 - __main__ - INFO - Creating main window...
2025-11-20 21:01:53,710 - database - INFO - Database connection established
2025-11-20 21:01:53,719 - database - INFO - Database connection established
2025-11-20 21:01:53,723 - database - INFO - Database connection closed
2025-11-20 21:01:53,730 - database - INFO - Database connection established
2025-11-20 21:01:53,731 - database - INFO - Database connection closed
2025-11-20 21:01:53,739 - database - INFO - Database connection established
2025-11-20 21:01:53,740 - database - INFO - Database connection closed
2025-11-20 21:01:56,242 - database - INFO - Database connection established
2025-11-20 21:01:56,243 - database - INFO - Database connection closed
2025-11-20 21:01:57,482 - database - INFO - Database connection established
2025-11-20 21:01:57,484 - database - INFO - Database connection closed
2025-11-20 21:01:57,504 - database - INFO - Database connection established
2025-11-20 21:01:57,505 - database - INFO - Database connection closed
2025-11-20 21:01:57,539 - database - INFO - Database connection established
2025-11-20 21:01:57,541 - database - INFO - Database connection closed
2025-11-20 21:01:57,571 - database - INFO - Database connection established
2025-11-20 21:01:57,572 - database - INFO - Database connection closed
2025-11-20 21:01:57,575 - database - INFO - Database connection established
2025-11-20 21:01:57,576 - database - INFO - Database connection closed
2025-11-20 21:01:57,640 - database - INFO - Database connection established
2025-11-20 21:01:57,643 - database - INFO - Database connection closed
2025-11-20 21:01:58,756 - database - INFO - Database connection established
2025-11-20 21:01:58,757 - database - INFO - Database connection closed
2025-11-20 21:01:59,277 - __main__ - INFO - Application started successfully
2025-11-20 21:02:03,750 - database - INFO - Database connection established
2025-11-20 21:02:03,752 - database - INFO - Database connection closed
2025-11-20 21:02:08,757 - database - INFO - Database connection established
2025-11-20 21:02:08,758 - database - INFO - Database connection closed
2025-11-20 21:02:11,924 - database - INFO - Database connection established
2025-11-20 21:02:11,932 - database - INFO - Database connection established
2025-11-20 21:02:11,934 - database - INFO - Database connection closed
2025-11-20 21:02:11,934 - database - ERROR - Update execution failed: MySQL Connection not available.
2025-11-20 21:02:13,762 - database - INFO - Database connection established
2025-11-20 21:02:13,764 - database - INFO - Database connection closed
2025-11-20 21:02:16,841 - database - INFO - Database connection established
2025-11-20 21:02:16,848 - database - INFO - Database connection established
2025-11-20 21:02:16,849 - database - INFO - Database connection closed
2025-11-20 21:02:16,849 - database - ERROR - Update execution failed: MySQL Connection not available.
2025-11-20 21:02:18,762 - database - INFO - Database connection established
2025-11-20 21:02:18,764 - database - INFO - Database connection closed
2025-11-20 21:02:23,749 - database - INFO - Database connection established
2025-11-20 21:02:23,751 - database - INFO - Database connection closed
2025-11-20 21:02:28,750 - database - INFO - Database connection established
2025-11-20 21:02:28,751 - database - INFO - Database connection closed
2025-11-20 21:02:33,764 - database - INFO - Database connection established
2025-11-20 21:02:33,765 - database - INFO - Database connection closed
2025-11-20 21:02:36,330 - database - INFO - Database connection established
2025-11-20 21:02:36,337 - database - INFO - Database connection established
2025-11-20 21:02:36,338 - database - INFO - Database connection closed
2025-11-20 21:02:36,338 - database - ERROR - Update execution failed: MySQL Connection not available.
2025-11-20 21:02:38,771 - database - INFO - Database connection established
2025-11-20 21:02:38,773 - database - INFO - Database connection closed
2025-11-20 21:02:43,778 - database - INFO - Database connection established
2025-11-20 21:02:43,779 - database - INFO - Database connection closed
2025-11-20 21:02:46,807 - database - INFO - Database connection established
2025-11-20 21:02:46,813 - database - INFO - Database connection established
2025-11-20 21:02:46,813 - database - INFO - Database connection closed
2025-11-20 21:02:46,813 - database - ERROR - Update execution failed: MySQL Connection not available.
2025-11-20 21:02:48,770 - database - INFO - Database connection established
2025-11-20 21:02:48,772 - database - INFO - Database connection closed
2025-11-20 21:02:50,420 - database - INFO - Database connection established
2025-11-20 21:02:50,421 - database - INFO - Database connection closed
2025-11-20 21:02:51,179 - database - INFO - Database connection established
2025-11-20 21:02:51,180 - database - INFO - Database connection closed
2025-11-20 21:02:53,779 - database - INFO - Database connection established
2025-11-20 21:02:53,781 - database - INFO - Database connection closed
2025-11-20 21:02:58,768 - database - INFO - Database connection established
2025-11-20 21:02:58,769 - database - INFO - Database connection closed
2025-11-20 21:03:03,774 - database - INFO - Database connection established
2025-11-20 21:03:03,776 - database - INFO - Database connection closed
2025-11-20 21:03:08,766 - database - INFO - Database connection established
2025-11-20 21:03:08,768 - database - INFO - Database connection closed
2025-11-20 21:03:13,766 - database - INFO - Database connection established
2025-11-20 21:03:13,768 - database - INFO - Database connection closed
2025-11-20 21:03:18,771 - database - INFO - Database connection established
2025-11-20 21:03:18,772 - database - INFO - Database connection closed
2025-11-20 21:03:23,768 - database - INFO - Database connection established
2025-11-20 21:03:23,770 - database - INFO - Database connection closed
2025-11-20 21:03:28,781 - database - INFO - Database connection established
2025-11-20 21:03:28,802 - database - INFO - Database connection closed
2025-11-20 21:03:33,773 - database - INFO - Database connection established
2025-11-20 21:03:33,775 - database - INFO - Database connection closed
2025-11-20 21:03:38,772 - database - INFO - Database connection established
2025-11-20 21:03:38,774 - database - INFO - Database connection closed
2025-11-20 21:03:43,767 - database - INFO - Database connection established
2025-11-20 21:03:43,769 - database - INFO - Database connection closed
2025-11-20 21:03:48,764 - database - INFO - Database connection established
2025-11-20 21:03:48,765 - database - INFO - Database connection closed
2025-11-20 21:03:53,764 - database - INFO - Database connection established
2025-11-20 21:03:53,765 - database - INFO - Database connection closed
2025-11-20 21:03:58,765 - database - INFO - Database connection established
2025-11-20 21:03:58,766 - database - INFO - Database connection closed
2025-11-20 21:04:03,777 - database - INFO - Database connection established
2025-11-20 21:04:03,778 - database - INFO - Database connection closed
2025-11-20 21:04:08,773 - database - INFO - Database connection established
2025-11-20 21:04:08,774 - database - INFO - Database connection closed
2025-11-20 21:04:13,767 - database - INFO - Database connection established
2025-11-20 21:04:13,768 - database - INFO - Database connection closed
2025-11-20 21:04:18,770 - database - INFO - Database connection established
2025-11-20 21:04:18,771 - database - INFO - Database connection closed
2025-11-20 21:04:23,770 - database - INFO - Database connection established
2025-11-20 21:04:23,771 - database - INFO - Database connection closed
2025-11-20 21:04:28,777 - database - INFO - Database connection established
2025-11-20 21:04:28,778 - database - INFO - Database connection closed
2025-11-20 21:04:33,561 - database - INFO - Database connection established
2025-11-20 21:04:33,566 - database - INFO - Database connection closed
2025-11-20 21:06:09,894 - __main__ - INFO - Starting Water Pump Management System
2025-11-20 21:06:09,932 - __main__ - INFO - Initializing database...
2025-11-20 21:06:10,048 - __main__ - INFO - Database initialized successfully
2025-11-20 21:06:10,048 - __main__ - INFO - Creating main window...
2025-11-20 21:06:21,126 - database - INFO - Database connection established
2025-11-20 21:06:21,132 - database - INFO - Database connection established
2025-11-20 21:06:21,136 - database - INFO - Database connection closed
2025-11-20 21:06:21,143 - database - INFO - Database connection established
2025-11-20 21:06:21,144 - database - INFO - Database connection closed
2025-11-20 21:06:21,152 - database - INFO - Database connection established
2025-11-20 21:06:21,153 - database - INFO - Database connection closed
2025-11-20 21:06:23,673 - database - INFO - Database connection established
2025-11-20 21:06:23,674 - database - INFO - Database connection closed
2025-11-20 21:06:24,633 - database - INFO - Database connection established
2025-11-20 21:06:24,635 - database - INFO - Database connection closed
2025-11-20 21:06:24,658 - database - INFO - Database connection established
2025-11-20 21:06:24,659 - database - INFO - Database connection closed
2025-11-20 21:06:24,693 - database - INFO - Database connection established
2025-11-20 21:06:24,694 - database - INFO - Database connection closed
2025-11-20 21:06:24,725 - database - INFO - Database connection established
2025-11-20 21:06:24,726 - database - INFO - Database connection closed
2025-11-20 21:06:24,728 - database - INFO - Database connection established
2025-11-20 21:06:24,729 - database - INFO - Database connection closed
2025-11-20 21:06:24,793 - database - INFO - Database connection established
2025-11-20 21:06:24,796 - database - INFO - Database connection closed
2025-11-20 21:06:25,598 - __main__ - INFO - Application started successfully
2025-11-20 21:06:26,157 - database - INFO - Database connection established
2025-11-20 21:06:26,158 - database - INFO - Database connection closed
2025-11-20 21:06:29,695 - database - INFO - Database connection established
2025-11-20 21:06:29,701 - database - INFO - Database connection established
2025-11-20 21:06:29,702 - database - INFO - Database connection closed
2025-11-20 21:06:29,704 - database - INFO - Database connection established
2025-11-20 21:06:29,705 - database - ERROR - Update execution failed: 1054 (42S22): Unknown column 'content' in 'field list'
2025-11-20 21:06:31,168 - database - INFO - Database connection established
2025-11-20 21:06:31,170 - database - INFO - Database connection closed
2025-11-20 21:06:31,732 - database - INFO - Database connection established
2025-11-20 21:06:31,733 - database - INFO - Database connection closed
2025-11-20 21:06:36,169 - database - INFO - Database connection established
2025-11-20 21:06:36,170 - database - INFO - Database connection closed
2025-11-20 21:06:41,164 - database - INFO - Database connection established
2025-11-20 21:06:41,166 - database - INFO - Database connection closed
2025-11-20 21:06:46,156 - database - INFO - Database connection established
2025-11-20 21:06:46,158 - database - INFO - Database connection closed
2025-11-20 21:06:51,166 - database - INFO - Database connection established
2025-11-20 21:06:51,168 - database - INFO - Database connection closed
2025-11-20 21:06:56,160 - database - INFO - Database connection established
2025-11-20 21:06:56,161 - database - INFO - Database connection closed
2025-11-20 21:07:01,161 - database - INFO - Database connection established
2025-11-20 21:07:01,162 - database - INFO - Database connection closed
2025-11-20 21:07:06,156 - database - INFO - Database connection established
2025-11-20 21:07:06,157 - database - INFO - Database connection closed
2025-11-20 21:07:08,279 - database - INFO - Database connection established
2025-11-20 21:07:08,285 - database - INFO - Database connection established
2025-11-20 21:07:08,286 - database - INFO - Database connection closed
2025-11-20 21:07:08,287 - database - INFO - Database connection established
2025-11-20 21:07:08,288 - database - ERROR - Update execution failed: 1054 (42S22): Unknown column 'content' in 'field list'
2025-11-20 21:07:09,915 - database - INFO - Database connection established
2025-11-20 21:07:09,916 - database - INFO - Database connection closed
2025-11-20 21:07:11,156 - database - INFO - Database connection established
2025-11-20 21:07:11,157 - database - INFO - Database connection closed
2025-11-20 21:07:16,155 - database - INFO - Database connection established
2025-11-20 21:07:16,157 - database - INFO - Database connection closed
2025-11-20 21:07:21,165 - database - INFO - Database connection established
2025-11-20 21:07:21,167 - database - INFO - Database connection closed
2025-11-20 21:07:26,159 - database - INFO - Database connection established
2025-11-20 21:07:26,160 - database - INFO - Database connection closed
2025-11-20 21:07:31,158 - database - INFO - Database connection established
2025-11-20 21:07:31,159 - database - INFO - Database connection closed
2025-11-20 21:07:31,865 - database - INFO - Database connection established
2025-11-20 21:07:31,870 - database - INFO - Database connection closed
2025-11-20 21:19:49,808 - __main__ - INFO - Starting Water Pump Management System
2025-11-20 21:19:49,847 - __main__ - INFO - Initializing database...
2025-11-20 21:19:49,962 - __main__ - INFO - Database initialized successfully
2025-11-20 21:19:49,962 - __main__ - INFO - Creating main window...
2025-11-20 21:20:01,663 - database - INFO - Database connection established
2025-11-20 21:20:01,670 - database - INFO - Database connection established
2025-11-20 21:20:01,675 - database - INFO - Database connection closed
2025-11-20 21:20:01,682 - database - INFO - Database connection established
2025-11-20 21:20:01,683 - database - INFO - Database connection closed
2025-11-20 21:20:01,690 - database - INFO - Database connection established
2025-11-20 21:20:01,692 - database - INFO - Database connection closed
2025-11-20 21:20:04,404 - database - INFO - Database connection established
2025-11-20 21:20:04,405 - database - INFO - Database connection closed
2025-11-20 21:20:06,689 - database - INFO - Database connection established
2025-11-20 21:20:06,691 - database - INFO - Database connection closed
2025-11-20 21:20:11,692 - database - INFO - Database connection established
2025-11-20 21:20:11,694 - database - INFO - Database connection closed
2025-11-20 21:20:12,754 - database - INFO - Database connection established
2025-11-20 21:20:12,757 - database - INFO - Database connection closed
2025-11-20 21:20:12,790 - database - INFO - Database connection established
2025-11-20 21:20:12,791 - database - INFO - Database connection closed
2025-11-20 21:20:12,840 - database - INFO - Database connection established
2025-11-20 21:20:12,842 - database - INFO - Database connection closed
2025-11-20 21:20:12,877 - database - INFO - Database connection established
2025-11-20 21:20:12,878 - database - INFO - Database connection closed
2025-11-20 21:20:12,880 - database - INFO - Database connection established
2025-11-20 21:20:12,882 - database - INFO - Database connection closed
2025-11-20 21:20:12,949 - database - INFO - Database connection established
2025-11-20 21:20:12,953 - database - INFO - Database connection closed
2025-11-20 21:20:13,787 - __main__ - INFO - Application started successfully
2025-11-20 21:20:16,691 - database - INFO - Database connection established
2025-11-20 21:20:16,692 - database - INFO - Database connection closed
2025-11-20 21:20:21,698 - database - INFO - Database connection established
2025-11-20 21:20:21,700 - database - INFO - Database connection closed
2025-11-20 21:20:26,702 - database - INFO - Database connection established
2025-11-20 21:20:26,703 - database - INFO - Database connection closed
2025-11-20 21:20:27,763 - database - INFO - Database connection established
2025-11-20 21:20:29,650 - database - INFO - Database connection established
2025-11-20 21:20:29,651 - database - INFO - Database connection closed
2025-11-20 21:20:31,713 - database - INFO - Database connection established
2025-11-20 21:20:31,714 - database - INFO - Database connection closed
2025-11-20 21:20:36,704 - database - INFO - Database connection established
2025-11-20 21:20:36,706 - database - INFO - Database connection closed
2025-11-20 21:20:41,208 - database - INFO - Database connection established
2025-11-20 21:20:41,708 - database - INFO - Database connection established
2025-11-20 21:20:41,709 - database - INFO - Database connection closed
2025-11-20 21:20:46,715 - database - INFO - Database connection established
2025-11-20 21:20:46,717 - database - INFO - Database connection closed
2025-11-20 21:20:51,717 - database - INFO - Database connection established
2025-11-20 21:20:51,719 - database - INFO - Database connection closed
2025-11-20 21:20:56,731 - database - INFO - Database connection established
2025-11-20 21:20:56,732 - database - INFO - Database connection closed
2025-11-20 21:21:01,722 - database - INFO - Database connection established
2025-11-20 21:21:01,724 - database - INFO - Database connection closed
2025-11-20 21:21:06,717 - database - INFO - Database connection established
2025-11-20 21:21:06,719 - database - INFO - Database connection closed
2025-11-20 21:21:12,838 - database - INFO - Database connection established
2025-11-20 21:21:12,843 - database - INFO - Database connection closed
2025-11-20 21:21:12,949 - database - INFO - Database connection established
2025-11-20 21:21:12,951 - database - INFO - Database connection closed
2025-11-20 21:21:16,732 - database - INFO - Database connection established
2025-11-20 21:21:16,734 - database - INFO - Database connection closed
2025-11-20 21:21:21,729 - database - INFO - Database connection established
2025-11-20 21:21:21,730 - database - INFO - Database connection closed
2025-11-20 21:21:26,726 - database - INFO - Database connection established
2025-11-20 21:21:26,727 - database - INFO - Database connection closed
2025-11-20 21:21:31,724 - database - INFO - Database connection established
2025-11-20 21:21:31,725 - database - INFO - Database connection closed
2025-11-20 21:21:36,724 - database - INFO - Database connection established
2025-11-20 21:21:36,725 - database - INFO - Database connection closed
2025-11-20 21:21:41,724 - database - INFO - Database connection established
2025-11-20 21:21:41,725 - database - INFO - Database connection closed
2025-11-20 21:21:46,728 - database - INFO - Database connection established
2025-11-20 21:21:46,730 - database - INFO - Database connection closed
2025-11-20 21:21:51,718 - database - INFO - Database connection established
2025-11-20 21:21:51,719 - database - INFO - Database connection closed
2025-11-20 21:21:56,718 - database - INFO - Database connection established
2025-11-20 21:21:56,720 - database - INFO - Database connection closed
2025-11-20 21:22:01,723 - database - INFO - Database connection established
2025-11-20 21:22:01,724 - database - INFO - Database connection closed
2025-11-20 21:22:06,731 - database - INFO - Database connection established
2025-11-20 21:22:06,733 - database - INFO - Database connection closed
2025-11-20 21:22:11,722 - database - INFO - Database connection established
2025-11-20 21:22:11,724 - database - INFO - Database connection closed
2025-11-20 21:22:16,723 - database - INFO - Database connection established
2025-11-20 21:22:16,725 - database - INFO - Database connection closed
2025-11-20 21:22:21,732 - database - INFO - Database connection established
2025-11-20 21:22:21,734 - database - INFO - Database connection closed
2025-11-20 21:22:26,720 - database - INFO - Database connection established
2025-11-20 21:22:26,722 - database - INFO - Database connection closed
2025-11-20 21:22:31,726 - database - INFO - Database connection established
2025-11-20 21:22:31,727 - database - INFO - Database connection closed
2025-11-20 21:22:36,731 - database - INFO - Database connection established
2025-11-20 21:22:36,733 - database - INFO - Database connection closed
2025-11-20 21:22:41,724 - database - INFO - Database connection established
2025-11-20 21:22:41,725 - database - INFO - Database connection closed
2025-11-20 21:22:46,728 - database - INFO - Database connection established
2025-11-20 21:22:46,729 - database - INFO - Database connection closed
2025-11-20 21:22:51,723 - database - INFO - Database connection established
2025-11-20 21:22:51,725 - database - INFO - Database connection closed
2025-11-20 21:22:56,728 - database - INFO - Database connection established
2025-11-20 21:22:56,729 - database - INFO - Database connection closed
2025-11-20 21:23:01,726 - database - INFO - Database connection established
2025-11-20 21:23:01,727 - database - INFO - Database connection closed
2025-11-20 21:23:06,719 - database - INFO - Database connection established
2025-11-20 21:23:06,720 - database - INFO - Database connection closed
2025-11-20 21:23:11,719 - database - INFO - Database connection established
2025-11-20 21:23:11,721 - database - INFO - Database connection closed
2025-11-20 21:23:14,051 - database - INFO - Database connection established
2025-11-20 21:23:16,718 - database - INFO - Database connection established
2025-11-20 21:23:16,719 - database - INFO - Database connection closed
2025-11-20 21:23:21,724 - database - INFO - Database connection established
2025-11-20 21:23:21,726 - database - INFO - Database connection closed
2025-11-20 21:23:22,396 - database - INFO - Database connection established
2025-11-20 21:23:26,732 - database - INFO - Database connection established
2025-11-20 21:23:26,733 - database - INFO - Database connection closed
2025-11-20 21:23:31,720 - database - INFO - Database connection established
2025-11-20 21:23:31,722 - database - INFO - Database connection closed
2025-11-20 21:23:36,719 - database - INFO - Database connection established
2025-11-20 21:23:36,721 - database - INFO - Database connection closed
2025-11-20 21:23:40,235 - database - INFO - Database connection established
2025-11-20 21:23:40,236 - database - INFO - Database connection closed
2025-11-20 21:23:40,242 - database - INFO - Database connection established
2025-11-20 21:23:40,243 - database - INFO - Database connection closed
2025-11-20 21:23:41,718 - database - INFO - Database connection established
2025-11-20 21:23:41,720 - database - INFO - Database connection closed
2025-11-20 21:23:46,724 - database - INFO - Database connection established
2025-11-20 21:23:46,725 - database - INFO - Database connection closed
2025-11-20 21:23:51,733 - database - INFO - Database connection established
2025-11-20 21:23:51,734 - database - INFO - Database connection closed
2025-11-20 21:23:56,736 - database - INFO - Database connection established
2025-11-20 21:23:56,737 - database - INFO - Database connection closed
2025-11-20 21:24:01,742 - database - INFO - Database connection established
2025-11-20 21:24:01,743 - database - INFO - Database connection closed
2025-11-20 21:24:05,171 - database - INFO - Database connection established
2025-11-20 21:24:05,172 - database - INFO - Database connection closed
2025-11-20 21:24:05,889 - database - INFO - Database connection established
2025-11-20 21:24:05,891 - database - INFO - Database connection closed
2025-11-20 21:24:06,738 - database - INFO - Database connection established
2025-11-20 21:24:06,740 - database - INFO - Database connection closed
2025-11-20 21:24:11,744 - database - INFO - Database connection established
2025-11-20 21:24:11,745 - database - INFO - Database connection closed
2025-11-20 21:24:16,747 - database - INFO - Database connection established
2025-11-20 21:24:16,749 - database - INFO - Database connection closed
2025-11-20 21:24:21,747 - database - INFO - Database connection established
2025-11-20 21:24:21,749 - database - INFO - Database connection closed
2025-11-20 21:24:22,071 - database - INFO - Database connection established
2025-11-20 21:24:26,736 - database - INFO - Database connection established
2025-11-20 21:24:26,738 - database - INFO - Database connection closed
2025-11-20 21:24:30,671 - database - INFO - Database connection established
2025-11-20 21:24:31,737 - database - INFO - Database connection established
2025-11-20 21:24:31,738 - database - INFO - Database connection closed
2025-11-20 21:24:36,737 - database - INFO - Database connection established
2025-11-20 21:24:36,739 - database - INFO - Database connection closed
2025-11-20 21:24:41,735 - database - INFO - Database connection established
2025-11-20 21:24:41,737 - database - INFO - Database connection closed
2025-11-20 21:24:46,740 - database - INFO - Database connection established
2025-11-20 21:24:46,741 - database - INFO - Database connection closed
2025-11-20 21:24:47,343 - database - INFO - Database connection established
2025-11-20 21:24:51,737 - database - INFO - Database connection established
2025-11-20 21:24:51,738 - database - INFO - Database connection closed
2025-11-20 21:24:56,239 - database - INFO - Database connection established
2025-11-20 21:24:56,747 - database - INFO - Database connection established
2025-11-20 21:24:56,749 - database - INFO - Database connection closed
2025-11-20 21:24:57,860 - database - INFO - Database connection established
2025-11-20 21:24:57,861 - database - INFO - Database connection closed
2025-11-20 21:24:57,865 - database - INFO - Database connection established
2025-11-20 21:24:57,870 - database - INFO - Database connection closed
2025-11-20 21:24:57,872 - database - INFO - Database connection established
2025-11-20 21:24:57,873 - database - INFO - Database connection closed
2025-11-20 21:25:01,735 - database - INFO - Database connection established
2025-11-20 21:25:01,737 - database - INFO - Database connection closed
2025-11-20 21:25:04,237 - database - INFO - Database connection established
2025-11-20 21:25:04,238 - database - INFO - Database connection closed
2025-11-20 21:25:04,242 - database - INFO - Database connection established
2025-11-20 21:25:04,243 - database - INFO - Database connection closed
2025-11-20 21:25:04,855 - database - INFO - Database connection established
2025-11-20 21:25:04,856 - database - INFO - Database connection closed
2025-11-20 21:25:04,860 - database - INFO - Database connection established
2025-11-20 21:25:04,862 - database - INFO - Database connection closed
2025-11-20 21:25:04,964 - database - INFO - Database connection established
2025-11-20 21:25:04,965 - database - INFO - Database connection closed
2025-11-20 21:25:04,969 - database - INFO - Database connection established
2025-11-20 21:25:04,971 - database - INFO - Database connection closed
2025-11-20 21:25:06,737 - database - INFO - Database connection established
2025-11-20 21:25:06,739 - database - INFO - Database connection closed
2025-11-20 21:25:11,746 - database - INFO - Database connection established
2025-11-20 21:25:11,747 - database - INFO - Database connection closed
2025-11-20 21:25:16,747 - database - INFO - Database connection established
2025-11-20 21:25:16,748 - database - INFO - Database connection closed
2025-11-20 21:25:21,743 - database - INFO - Database connection established
2025-11-20 21:25:21,744 - database - INFO - Database connection closed
2025-11-20 21:25:26,739 - database - INFO - Database connection established
2025-11-20 21:25:26,740 - database - INFO - Database connection closed
2025-11-20 21:25:31,741 - database - INFO - Database connection established
2025-11-20 21:25:31,742 - database - INFO - Database connection closed
2025-11-20 21:25:36,747 - database - INFO - Database connection established
2025-11-20 21:25:36,748 - database - INFO - Database connection closed
2025-11-20 21:25:41,734 - database - INFO - Database connection established
2025-11-20 21:25:41,735 - database - INFO - Database connection closed
2025-11-20 21:25:46,746 - database - INFO - Database connection established
2025-11-20 21:25:46,748 - database - INFO - Database connection closed
2025-11-20 21:25:51,735 - database - INFO - Database connection established
2025-11-20 21:25:51,737 - database - INFO - Database connection closed
2025-11-20 21:25:56,733 - database - INFO - Database connection established
2025-11-20 21:25:56,735 - database - INFO - Database connection closed
2025-11-20 21:26:00,273 - database - INFO - Database connection established
2025-11-20 21:26:00,273 - database - INFO - Database connection closed
2025-11-20 21:26:01,747 - database - INFO - Database connection established
2025-11-20 21:26:01,749 - database - INFO - Database connection closed
2025-11-20 21:26:06,748 - database - INFO - Database connection established
2025-11-20 21:26:06,749 - database - INFO - Database connection closed
2025-11-20 21:26:11,736 - database - INFO - Database connection established
2025-11-20 21:26:11,738 - database - INFO - Database connection closed
2025-11-20 21:26:16,738 - database - INFO - Database connection established
2025-11-20 21:26:16,740 - database - INFO - Database connection closed
2025-11-20 21:26:21,735 - database - INFO - Database connection established
2025-11-20 21:26:21,737 - database - INFO - Database connection closed
2025-11-20 21:26:22,642 - database - INFO - Database connection established
2025-11-20 21:26:22,647 - database - INFO - Database connection closed
2025-11-20 21:35:49,316 - __main__ - INFO - Starting Water Pump Management System
2025-11-20 21:35:49,354 - __main__ - INFO - Initializing database...
2025-11-20 21:35:49,471 - __main__ - INFO - Database initialized successfully
2025-11-20 21:35:49,471 - __main__ - INFO - Creating main window...
2025-11-20 21:35:58,519 - database - INFO - Database connection established
2025-11-20 21:35:58,527 - database - INFO - Database connection established
2025-11-20 21:35:58,532 - database - INFO - Database connection closed
2025-11-20 21:35:58,539 - database - INFO - Database connection established
2025-11-20 21:35:58,539 - database - INFO - Database connection closed
2025-11-20 21:35:58,547 - database - INFO - Database connection established
2025-11-20 21:35:58,549 - database - INFO - Database connection closed
2025-11-20 21:35:59,951 - database - INFO - Database connection established
2025-11-20 21:35:59,952 - database - INFO - Database connection closed
2025-11-20 21:36:02,622 - database - INFO - Database connection established
2025-11-20 21:36:02,624 - database - INFO - Database connection closed
2025-11-20 21:36:02,645 - database - INFO - Database connection established
2025-11-20 21:36:02,646 - database - INFO - Database connection closed
2025-11-20 21:36:02,651 - database - INFO - Database connection established
2025-11-20 21:36:02,652 - database - INFO - Database connection closed
2025-11-20 21:36:02,684 - database - INFO - Database connection established
2025-11-20 21:36:02,685 - database - INFO - Database connection closed
2025-11-20 21:36:02,717 - database - INFO - Database connection established
2025-11-20 21:36:02,718 - database - INFO - Database connection closed
2025-11-20 21:36:02,720 - database - INFO - Database connection established
2025-11-20 21:36:02,721 - database - INFO - Database connection closed
2025-11-20 21:36:02,787 - database - INFO - Database connection established
2025-11-20 21:36:02,790 - database - INFO - Database connection closed
2025-11-20 21:36:03,554 - database - INFO - Database connection established
2025-11-20 21:36:03,556 - database - INFO - Database connection closed
2025-11-20 21:36:04,289 - __main__ - INFO - Application started successfully
2025-11-20 21:36:08,560 - database - INFO - Database connection established
2025-11-20 21:36:08,561 - database - INFO - Database connection closed
2025-11-20 21:36:13,559 - database - INFO - Database connection established
2025-11-20 21:36:13,561 - database - INFO - Database connection closed
2025-11-20 21:36:18,557 - database - INFO - Database connection established
2025-11-20 21:36:18,559 - database - INFO - Database connection closed
2025-11-20 21:36:23,547 - database - INFO - Database connection established
2025-11-20 21:36:23,548 - database - INFO - Database connection closed
2025-11-20 21:36:28,554 - database - INFO - Database connection established
2025-11-20 21:36:28,555 - database - INFO - Database connection closed
2025-11-20 21:36:33,557 - database - INFO - Database connection established
2025-11-20 21:36:33,558 - database - INFO - Database connection closed
2025-11-20 21:36:38,422 - database - INFO - Database connection established
2025-11-20 21:36:39,103 - database - INFO - Database connection closed
2025-11-27 08:33:43,652 - __main__ - INFO - Starting Water Pump Management System
2025-11-27 08:33:43,868 - __main__ - INFO - Initializing database...
2025-11-27 08:33:44,022 - __main__ - INFO - Database initialized successfully
2025-11-27 08:33:44,022 - __main__ - INFO - Creating main window...
2025-11-27 08:34:02,521 - database - INFO - Database connection established
2025-11-27 08:34:02,527 - database - INFO - Database connection established
2025-11-27 08:34:02,531 - database - INFO - Database connection closed
2025-11-27 08:34:07,261 - database - INFO - Database connection established
2025-11-27 08:34:07,262 - database - INFO - Database connection closed
2025-11-27 08:34:13,692 - database - INFO - Database connection established
2025-11-27 08:34:13,694 - database - INFO - Database connection closed
2025-11-27 08:34:13,722 - database - INFO - Database connection established
2025-11-27 08:34:13,739 - database - INFO - Database connection closed
2025-11-27 08:34:13,745 - database - INFO - Database connection established
2025-11-27 08:34:13,747 - database - INFO - Database connection closed
2025-11-27 08:34:13,784 - database - INFO - Database connection established
2025-11-27 08:34:13,786 - database - INFO - Database connection closed
2025-11-27 08:34:13,820 - database - INFO - Database connection established
2025-11-27 08:34:13,822 - database - INFO - Database connection closed
2025-11-27 08:34:13,824 - database - INFO - Database connection established
2025-11-27 08:34:13,825 - database - INFO - Database connection closed
2025-11-27 08:34:13,915 - database - INFO - Database connection established
2025-11-27 08:34:13,919 - database - INFO - Database connection closed
2025-11-27 08:34:15,397 - __main__ - INFO - Application started successfully
2025-11-27 08:35:09,934 - database - INFO - Database connection established
2025-11-27 08:35:09,939 - database - INFO - Database connection closed
2025-11-27 08:35:09,944 - database - INFO - Database connection established
2025-11-27 08:35:09,945 - database - INFO - Database connection closed
2025-11-27 08:35:15,415 - email_manager - INFO - Shutdown alert sent to 2 supervisors.
2025-11-27 08:35:26,888 - database - INFO - Database connection established
2025-11-27 08:35:26,894 - database - INFO - Database connection closed
2025-11-27 08:35:31,475 - __main__ - INFO - Starting Water Pump Management System
2025-11-27 08:35:31,518 - __main__ - INFO - Initializing database...
2025-11-27 08:35:31,576 - __main__ - INFO - Database initialized successfully
2025-11-27 08:35:31,576 - __main__ - INFO - Creating main window...
2025-11-27 08:35:40,849 - database - INFO - Database connection established
2025-11-27 08:35:40,856 - database - INFO - Database connection established
2025-11-27 08:35:40,860 - database - INFO - Database connection closed
2025-11-27 08:35:43,645 - database - INFO - Database connection established
2025-11-27 08:35:43,646 - database - INFO - Database connection closed
2025-11-27 08:35:45,569 - database - INFO - Database connection established
2025-11-27 08:35:45,572 - database - INFO - Database connection closed
2025-11-27 08:35:45,595 - database - INFO - Database connection established
2025-11-27 08:35:45,597 - database - INFO - Database connection closed
2025-11-27 08:35:45,601 - database - INFO - Database connection established
2025-11-27 08:35:45,603 - database - INFO - Database connection closed
2025-11-27 08:35:45,636 - database - INFO - Database connection established
2025-11-27 08:35:45,637 - database - INFO - Database connection closed
2025-11-27 08:35:45,670 - database - INFO - Database connection established
2025-11-27 08:35:45,671 - database - INFO - Database connection closed
2025-11-27 08:35:45,673 - database - INFO - Database connection established
2025-11-27 08:35:45,676 - database - INFO - Database connection closed
2025-11-27 08:35:45,747 - database - INFO - Database connection established
2025-11-27 08:35:45,750 - database - INFO - Database connection closed
2025-11-27 08:35:47,353 - __main__ - INFO - Application started successfully
2025-11-27 08:36:15,096 - database - INFO - Database connection established
2025-11-27 08:36:15,100 - database - INFO - Database connection closed
2025-11-27 08:51:12,116 - __main__ - INFO - Starting Water Pump Management System
2025-11-27 08:51:12,154 - __main__ - INFO - Initializing database...
2025-11-27 08:51:12,220 - __main__ - INFO - Database initialized successfully
2025-11-27 08:51:12,220 - __main__ - INFO - Creating main window...
2025-11-27 08:51:21,369 - database - INFO - Database connection established
2025-11-27 08:51:21,377 - database - INFO - Database connection established
2025-11-27 08:51:21,382 - database - INFO - Database connection closed
2025-11-27 08:51:25,545 - database - INFO - Database connection established
2025-11-27 08:51:25,546 - database - INFO - Database connection closed
2025-11-27 08:51:27,121 - database - INFO - Database connection established
2025-11-27 08:51:27,124 - database - INFO - Database connection closed
2025-11-27 08:51:27,145 - database - INFO - Database connection established
2025-11-27 08:51:27,146 - database - INFO - Database connection closed
2025-11-27 08:51:27,151 - database - INFO - Database connection established
2025-11-27 08:51:27,152 - database - INFO - Database connection closed
2025-11-27 08:51:27,186 - database - INFO - Database connection established
2025-11-27 08:51:27,188 - database - INFO - Database connection closed
2025-11-27 08:51:27,222 - database - INFO - Database connection established
2025-11-27 08:51:27,223 - database - INFO - Database connection closed
2025-11-27 08:51:27,226 - database - INFO - Database connection established
2025-11-27 08:51:27,228 - database - INFO - Database connection closed
2025-11-27 08:51:27,307 - database - INFO - Database connection established
2025-11-27 08:51:27,312 - database - INFO - Database connection closed
2025-11-27 08:51:28,759 - __main__ - INFO - Application started successfully
2025-11-27 08:52:12,232 - database - INFO - Database connection established
2025-11-27 08:52:12,238 - database - INFO - Database connection closed
2025-11-27 08:52:44,708 - __main__ - INFO - Starting Water Pump Management System
2025-11-27 08:52:44,767 - __main__ - INFO - Initializing database...
2025-11-27 08:52:44,896 - __main__ - INFO - Database initialized successfully
2025-11-27 08:52:44,896 - __main__ - INFO - Creating main window...
2025-11-27 08:52:55,063 - database - INFO - Database connection established
2025-11-27 08:52:55,069 - database - INFO - Database connection established
2025-11-27 08:52:55,074 - database - INFO - Database connection closed
2025-11-27 08:52:59,469 - database - INFO - Database connection established
2025-11-27 08:52:59,470 - database - INFO - Database connection closed
2025-11-27 08:53:01,216 - database - INFO - Database connection established
2025-11-27 08:53:01,219 - database - INFO - Database connection closed
2025-11-27 08:53:01,250 - database - INFO - Database connection established
2025-11-27 08:53:01,252 - database - INFO - Database connection closed
2025-11-27 08:53:01,258 - database - INFO - Database connection established
2025-11-27 08:53:01,260 - database - INFO - Database connection closed
2025-11-27 08:53:01,299 - database - INFO - Database connection established
2025-11-27 08:53:01,301 - database - INFO - Database connection closed
2025-11-27 08:53:01,342 - database - INFO - Database connection established
2025-11-27 08:53:01,343 - database - INFO - Database connection closed
2025-11-27 08:53:01,346 - database - INFO - Database connection established
2025-11-27 08:53:01,349 - database - INFO - Database connection closed
2025-11-27 08:53:01,443 - database - INFO - Database connection established
2025-11-27 08:53:01,451 - database - INFO - Database connection closed
2025-11-27 08:53:02,241 - __main__ - INFO - Application started successfully
2025-11-27 08:53:20,369 - database - INFO - Database connection established
2025-11-27 08:53:20,373 - database - INFO - Database connection closed
2025-11-27 09:00:42,407 - __main__ - INFO - Starting Water Pump Management System
2025-11-27 09:00:42,447 - __main__ - INFO - Initializing database...
2025-11-27 09:00:42,569 - __main__ - INFO - Database initialized successfully
2025-11-27 09:00:42,569 - __main__ - INFO - Creating main window...
2025-11-27 09:00:51,874 - database - INFO - Database connection established
2025-11-27 09:00:51,882 - database - INFO - Database connection established
2025-11-27 09:00:51,887 - database - INFO - Database connection closed
2025-11-27 09:00:54,648 - database - INFO - Database connection established
2025-11-27 09:00:54,649 - database - INFO - Database connection closed
2025-11-27 09:00:56,334 - database - INFO - Database connection established
2025-11-27 09:00:56,337 - database - INFO - Database connection closed
2025-11-27 09:00:56,358 - database - INFO - Database connection established
2025-11-27 09:00:56,360 - database - INFO - Database connection closed
2025-11-27 09:00:56,365 - database - INFO - Database connection established
2025-11-27 09:00:56,367 - database - INFO - Database connection closed
2025-11-27 09:00:56,399 - database - INFO - Database connection established
2025-11-27 09:00:56,401 - database - INFO - Database connection closed
2025-11-27 09:00:56,435 - database - INFO - Database connection established
2025-11-27 09:00:56,436 - database - INFO - Database connection closed
2025-11-27 09:00:56,438 - database - INFO - Database connection established
2025-11-27 09:00:56,440 - database - INFO - Database connection closed
2025-11-27 09:00:56,513 - database - INFO - Database connection established
2025-11-27 09:00:56,517 - database - INFO - Database connection closed
2025-11-27 09:00:57,766 - __main__ - INFO - Application started successfully
2025-11-27 09:01:29,574 - database - INFO - Database connection established
2025-11-27 09:01:29,579 - database - INFO - Database connection closed
2025-11-27 09:10:54,375 - __main__ - INFO - Starting Water Pump Management System
2025-11-27 09:10:54,415 - __main__ - INFO - Initializing database...
2025-11-27 09:10:54,528 - __main__ - INFO - Database initialized successfully
2025-11-27 09:10:54,528 - __main__ - INFO - Creating main window...
2025-11-27 09:11:03,143 - database - INFO - Database connection established
2025-11-27 09:11:03,149 - database - INFO - Database connection established
2025-11-27 09:11:03,153 - database - INFO - Database connection closed
2025-11-27 09:11:03,908 - database - INFO - Database connection established
2025-11-27 09:11:03,908 - database - INFO - Database connection closed
2025-11-27 09:11:06,777 - database - INFO - Database connection established
2025-11-27 09:11:06,780 - database - INFO - Database connection closed
2025-11-27 09:11:06,803 - database - INFO - Database connection established
2025-11-27 09:11:06,804 - database - INFO - Database connection closed
2025-11-27 09:11:06,809 - database - INFO - Database connection established
2025-11-27 09:11:06,810 - database - INFO - Database connection closed
2025-11-27 09:11:06,842 - database - INFO - Database connection established
2025-11-27 09:11:06,843 - database - INFO - Database connection closed
2025-11-27 09:11:06,877 - database - INFO - Database connection established
2025-11-27 09:11:06,879 - database - INFO - Database connection closed
2025-11-27 09:11:06,881 - database - INFO - Database connection established
2025-11-27 09:11:06,883 - database - INFO - Database connection closed
2025-11-27 09:11:06,954 - database - INFO - Database connection established
2025-11-27 09:11:06,957 - database - INFO - Database connection closed
2025-11-27 09:11:08,413 - __main__ - INFO - Application started successfully
2025-11-27 09:11:12,338 - database - INFO - Database connection established
2025-11-27 09:11:12,342 - database - INFO - Database connection closed
2025-11-27 09:11:17,329 - __main__ - INFO - Starting Water Pump Management System
2025-11-27 09:11:17,368 - __main__ - INFO - Initializing database...
2025-11-27 09:11:17,418 - __main__ - INFO - Database initialized successfully
2025-11-27 09:11:17,419 - __main__ - INFO - Creating main window...
2025-11-27 09:11:25,189 - database - INFO - Database connection established
2025-11-27 09:11:25,196 - database - INFO - Database connection established
2025-11-27 09:11:25,200 - database - INFO - Database connection closed
2025-11-27 09:11:27,949 - database - INFO - Database connection established
2025-11-27 09:11:27,950 - database - INFO - Database connection closed
2025-11-27 09:11:29,005 - database - INFO - Database connection established
2025-11-27 09:11:29,007 - database - INFO - Database connection closed
2025-11-27 09:11:29,028 - database - INFO - Database connection established
2025-11-27 09:11:29,030 - database - INFO - Database connection closed
2025-11-27 09:11:29,035 - database - INFO - Database connection established
2025-11-27 09:11:29,036 - database - INFO - Database connection closed
2025-11-27 09:11:29,068 - database - INFO - Database connection established
2025-11-27 09:11:29,070 - database - INFO - Database connection closed
2025-11-27 09:11:29,102 - database - INFO - Database connection established
2025-11-27 09:11:29,104 - database - INFO - Database connection closed
2025-11-27 09:11:29,105 - database - INFO - Database connection established
2025-11-27 09:11:29,108 - database - INFO - Database connection closed
2025-11-27 09:11:29,181 - database - INFO - Database connection established
2025-11-27 09:11:29,184 - database - INFO - Database connection closed
2025-11-27 09:11:29,872 - __main__ - INFO - Application started successfully
2025-11-27 09:13:11,953 - database - INFO - Database connection established
2025-11-27 09:13:11,955 - database - INFO - Database connection closed
2025-11-27 09:13:11,957 - database - INFO - Database connection established
2025-11-27 09:13:11,958 - database - INFO - Database connection closed
2025-11-27 09:13:17,149 - email_manager - INFO - Shutdown alert sent to 2 supervisors.
2025-11-27 09:13:18,358 - database - INFO - Database connection established
2025-11-27 09:13:18,363 - database - INFO - Database connection closed
2025-11-27 09:21:35,679 - __main__ - INFO - Starting Water Pump Management System
2025-11-27 09:21:35,735 - __main__ - INFO - Initializing database...
2025-11-27 09:21:35,807 - __main__ - INFO - Database initialized successfully
2025-11-27 09:21:35,807 - __main__ - INFO - Creating main window...
2025-11-27 09:21:44,507 - database - INFO - Database connection established
2025-11-27 09:21:44,515 - database - INFO - Database connection established
2025-11-27 09:21:44,519 - database - INFO - Database connection closed
2025-11-27 09:21:48,809 - database - INFO - Database connection established
2025-11-27 09:21:48,810 - database - INFO - Database connection closed
2025-11-27 09:21:49,499 - database - INFO - Database connection established
2025-11-27 09:21:49,501 - database - INFO - Database connection closed
2025-11-27 09:21:49,534 - database - INFO - Database connection established
2025-11-27 09:21:49,536 - database - INFO - Database connection closed
2025-11-27 09:21:49,542 - database - INFO - Database connection established
2025-11-27 09:21:49,543 - database - INFO - Database connection closed
2025-11-27 09:21:49,576 - database - INFO - Database connection established
2025-11-27 09:21:49,577 - database - INFO - Database connection closed
2025-11-27 09:21:49,610 - database - INFO - Database connection established
2025-11-27 09:21:49,611 - database - INFO - Database connection closed
2025-11-27 09:21:49,613 - database - INFO - Database connection established
2025-11-27 09:21:49,616 - database - INFO - Database connection closed
2025-11-27 09:21:49,690 - database - INFO - Database connection established
2025-11-27 09:21:49,693 - database - INFO - Database connection closed
2025-11-27 09:21:50,192 - __main__ - INFO - Application started successfully
2025-11-27 09:23:13,291 - database - INFO - Database connection established
2025-11-27 09:23:13,292 - database - INFO - Database connection closed
2025-11-27 09:23:13,295 - database - INFO - Database connection established
2025-11-27 09:23:13,296 - database - INFO - Database connection closed
2025-11-27 09:23:17,269 - email_manager - INFO - Shutdown alert sent to 2 supervisors.
2025-11-27 09:23:33,180 - database - INFO - Database connection established
2025-11-27 09:23:33,185 - database - INFO - Database connection closed
2025-11-27 11:14:18,715 - __main__ - INFO - Starting Water Pump Management System
2025-11-27 11:14:18,953 - __main__ - INFO - Initializing database...
2025-11-27 11:14:19,058 - __main__ - INFO - Database initialized successfully
2025-11-27 11:14:19,058 - __main__ - INFO - Creating main window...
2025-11-27 11:14:31,902 - database - INFO - Database connection established
2025-11-27 11:14:31,909 - database - INFO - Database connection established
2025-11-27 11:14:31,913 - database - INFO - Database connection closed
2025-11-27 11:14:34,761 - database - INFO - Database connection established
2025-11-27 11:14:34,762 - database - INFO - Database connection closed
2025-11-27 11:14:36,273 - database - INFO - Database connection established
2025-11-27 11:14:36,275 - database - INFO - Database connection closed
2025-11-27 11:14:36,298 - database - INFO - Database connection established
2025-11-27 11:14:36,300 - database - INFO - Database connection closed
2025-11-27 11:14:36,304 - database - INFO - Database connection established
2025-11-27 11:14:36,306 - database - INFO - Database connection closed
2025-11-27 11:14:36,341 - database - INFO - Database connection established
2025-11-27 11:14:36,343 - database - INFO - Database connection closed
2025-11-27 11:14:36,375 - database - INFO - Database connection established
2025-11-27 11:14:36,376 - database - INFO - Database connection closed
2025-11-27 11:14:36,378 - database - INFO - Database connection established
2025-11-27 11:14:36,380 - database - INFO - Database connection closed
2025-11-27 11:14:36,457 - database - INFO - Database connection established
2025-11-27 11:14:36,460 - database - INFO - Database connection closed
2025-11-27 11:14:36,969 - __main__ - INFO - Application started successfully
2025-11-27 11:14:43,418 - database - INFO - Database connection established
2025-11-27 11:14:43,422 - database - INFO - Database connection closed
2025-11-27 11:15:09,912 - __main__ - INFO - Starting Water Pump Management System
2025-11-27 11:15:09,948 - __main__ - INFO - Initializing database...
2025-11-27 11:15:09,993 - __main__ - INFO - Database initialized successfully
2025-11-27 11:15:09,993 - __main__ - INFO - Creating main window...
2025-11-27 11:15:42,174 - database - INFO - Database connection established
2025-11-27 11:15:42,181 - database - INFO - Database connection established
2025-11-27 11:15:42,186 - database - INFO - Database connection closed
2025-11-27 11:15:44,954 - database - INFO - Database connection established
2025-11-27 11:15:44,955 - database - INFO - Database connection closed
2025-11-27 11:15:45,767 - database - INFO - Database connection established
2025-11-27 11:15:45,769 - database - INFO - Database connection closed
2025-11-27 11:15:45,789 - database - INFO - Database connection established
2025-11-27 11:15:45,791 - database - INFO - Database connection closed
2025-11-27 11:15:45,795 - database - INFO - Database connection established
2025-11-27 11:15:45,797 - database - INFO - Database connection closed
2025-11-27 11:15:45,828 - database - INFO - Database connection established
2025-11-27 11:15:45,829 - database - INFO - Database connection closed
2025-11-27 11:15:45,861 - database - INFO - Database connection established
2025-11-27 11:15:45,863 - database - INFO - Database connection closed
2025-11-27 11:15:45,865 - database - INFO - Database connection established
2025-11-27 11:15:45,867 - database - INFO - Database connection closed
2025-11-27 11:15:45,939 - database - INFO - Database connection established
2025-11-27 11:15:45,942 - database - INFO - Database connection closed
2025-11-27 11:15:46,587 - __main__ - INFO - Application started successfully
2025-11-27 11:16:26,748 - database - INFO - Database connection established
2025-11-27 11:16:26,753 - database - INFO - Database connection closed
2025-11-27 11:16:30,456 - __main__ - INFO - Starting Water Pump Management System
2025-11-27 11:16:30,501 - __main__ - INFO - Initializing database...
2025-11-27 11:16:30,550 - __main__ - INFO - Database initialized successfully
2025-11-27 11:16:30,550 - __main__ - INFO - Creating main window...
2025-11-27 11:16:47,262 - database - INFO - Database connection established
2025-11-27 11:16:48,101 - database - INFO - Database connection established
2025-11-27 11:16:48,104 - database - INFO - Database connection closed
2025-11-27 11:17:04,589 - database - INFO - Database connection established
2025-11-27 11:17:04,595 - database - INFO - Database connection established
2025-11-27 11:17:04,598 - database - INFO - Database connection closed
2025-11-27 11:17:07,296 - database - INFO - Database connection established
2025-11-27 11:17:07,297 - database - INFO - Database connection closed
2025-11-27 11:17:07,991 - database - INFO - Database connection established
2025-11-27 11:17:07,999 - database - INFO - Database connection closed
2025-11-27 11:17:08,020 - database - INFO - Database connection established
2025-11-27 11:17:08,022 - database - INFO - Database connection closed
2025-11-27 11:17:08,026 - database - INFO - Database connection established
2025-11-27 11:17:08,027 - database - INFO - Database connection closed
2025-11-27 11:17:08,059 - database - INFO - Database connection established
2025-11-27 11:17:08,061 - database - INFO - Database connection closed
2025-11-27 11:17:08,095 - database - INFO - Database connection established
2025-11-27 11:17:08,096 - database - INFO - Database connection closed
2025-11-27 11:17:08,098 - database - INFO - Database connection established
2025-11-27 11:17:08,100 - database - INFO - Database connection closed
2025-11-27 11:17:08,174 - database - INFO - Database connection established
2025-11-27 11:17:08,177 - database - INFO - Database connection closed
2025-11-27 11:17:08,860 - __main__ - INFO - Application started successfully
2025-11-27 11:18:50,133 - database - INFO - Database connection established
2025-11-27 11:18:51,974 - database - INFO - Database connection established
2025-11-27 11:18:51,976 - database - INFO - Database connection closed
2025-11-27 11:20:34,949 - database - INFO - Database connection established
2025-11-27 11:20:34,950 - database - INFO - Database connection closed
2025-11-27 11:20:34,952 - database - INFO - Database connection established
2025-11-27 11:20:34,953 - database - INFO - Database connection closed
2025-11-27 11:20:39,213 - email_manager - INFO - Shutdown alert sent to 2 supervisors.
2025-11-27 11:22:04,403 - database - INFO - Database connection established
2025-11-27 11:22:04,409 - database - INFO - Database connection closed
2025-11-27 11:22:54,596 - database - INFO - Database connection established
2025-11-27 11:22:54,602 - database - INFO - Database connection established
2025-11-27 11:22:54,603 - database - INFO - Database connection closed
2025-11-27 11:22:54,605 - database - INFO - Database connection established
2025-11-27 11:22:54,606 - database - ERROR - Update execution failed: 1054 (42S22): Unknown column 'content' in 'field list'
2025-11-27 11:22:56,749 - database - INFO - Database connection established
2025-11-27 11:22:56,750 - database - INFO - Database connection closed
2025-11-27 11:23:19,915 - database - INFO - Database connection established
2025-11-27 11:23:19,919 - database - INFO - Database connection closed
2025-11-27 11:25:49,427 - database - INFO - Database connection established
2025-11-27 11:25:49,432 - database - INFO - Database connection closed
2025-11-27 15:21:01,157 - __main__ - INFO - Starting Water Pump Management System
2025-11-27 15:21:01,300 - __main__ - INFO - Initializing database...
2025-11-27 15:21:05,465 - database - ERROR - Database initialization failed: 2003 (HY000): Can't connect to MySQL server on 'localhost:3306' (10061)
2025-11-27 15:21:05,466 - __main__ - ERROR - Failed to initialize database
2025-11-27 15:21:20,440 - __main__ - INFO - Starting Water Pump Management System
2025-11-27 15:21:20,492 - __main__ - INFO - Initializing database...
2025-11-27 15:21:20,635 - __main__ - INFO - Database initialized successfully
2025-11-27 15:21:20,635 - __main__ - INFO - Creating main window...
2025-11-27 15:21:31,561 - database - INFO - Database connection established
2025-11-27 15:21:31,568 - database - INFO - Database connection established
2025-11-27 15:21:31,574 - database - INFO - Database connection closed
2025-11-27 15:21:41,013 - database - INFO - Database connection established
2025-11-27 15:21:41,015 - database - INFO - Database connection closed
2025-11-27 15:21:43,435 - database - INFO - Database connection established
2025-11-27 15:21:43,439 - database - INFO - Database connection closed
2025-11-27 15:21:43,463 - database - INFO - Database connection established
2025-11-27 15:21:43,478 - database - INFO - Database connection closed
2025-11-27 15:21:43,482 - database - INFO - Database connection established
2025-11-27 15:21:43,486 - database - INFO - Database connection closed
2025-11-27 15:21:43,522 - database - INFO - Database connection established
2025-11-27 15:21:43,525 - database - INFO - Database connection closed
2025-11-27 15:21:43,558 - database - INFO - Database connection established
2025-11-27 15:21:43,559 - database - INFO - Database connection closed
2025-11-27 15:21:43,561 - database - INFO - Database connection established
2025-11-27 15:21:43,563 - database - INFO - Database connection closed
2025-11-27 15:21:43,659 - database - INFO - Database connection established
2025-11-27 15:21:43,663 - database - INFO - Database connection closed
2025-11-27 15:21:44,865 - __main__ - INFO - Application started successfully
2025-11-27 15:29:07,288 - database - INFO - Database connection established
2025-11-27 15:29:07,289 - database - INFO - Database connection closed
2025-11-27 15:29:07,291 - database - INFO - Database connection established
2025-11-27 15:29:07,292 - database - INFO - Database connection closed
2025-11-27 15:29:12,187 - database - INFO - Database connection established
2025-11-27 15:29:12,192 - database - INFO - Database connection closed
2025-11-27 15:29:13,302 - email_manager - INFO - Shutdown alert sent to 2 supervisors.
2025-11-27 15:29:48,337 - __main__ - INFO - Starting Water Pump Management System
2025-11-27 15:29:48,373 - __main__ - INFO - Initializing database...
2025-11-27 15:29:48,435 - __main__ - INFO - Database initialized successfully
2025-11-27 15:29:48,435 - __main__ - INFO - Creating main window...
2025-11-27 15:29:58,168 - database - INFO - Database connection established
2025-11-27 15:29:58,176 - database - INFO - Database connection established
2025-11-27 15:29:58,181 - database - INFO - Database connection closed
2025-11-27 15:30:00,955 - database - INFO - Database connection established
2025-11-27 15:30:00,955 - database - INFO - Database connection closed
2025-11-27 15:30:02,524 - database - INFO - Database connection established
2025-11-27 15:30:02,526 - database - INFO - Database connection closed
2025-11-27 15:30:02,548 - database - INFO - Database connection established
2025-11-27 15:30:02,549 - database - INFO - Database connection closed
2025-11-27 15:30:02,554 - database - INFO - Database connection established
2025-11-27 15:30:02,556 - database - INFO - Database connection closed
2025-11-27 15:30:02,587 - database - INFO - Database connection established
2025-11-27 15:30:02,589 - database - INFO - Database connection closed
2025-11-27 15:30:02,622 - database - INFO - Database connection established
2025-11-27 15:30:02,623 - database - INFO - Database connection closed
2025-11-27 15:30:02,624 - database - INFO - Database connection established
2025-11-27 15:30:02,627 - database - INFO - Database connection closed
2025-11-27 15:30:02,702 - database - INFO - Database connection established
2025-11-27 15:30:02,705 - database - INFO - Database connection closed
2025-11-27 15:30:04,035 - __main__ - INFO - Application started successfully
2025-11-27 15:30:37,696 - database - INFO - Database connection established
2025-11-27 15:30:37,701 - database - INFO - Database connection closed
2025-11-27 15:40:10,051 - __main__ - INFO - Starting Water Pump Management System
2025-11-27 15:40:10,089 - __main__ - INFO - Initializing database...
2025-11-27 15:40:10,149 - __main__ - INFO - Database initialized successfully
2025-11-27 15:40:10,149 - __main__ - INFO - Creating main window...
2025-11-27 15:40:22,104 - database - INFO - Database connection established
2025-11-27 15:40:22,112 - database - INFO - Database connection established
2025-11-27 15:40:22,118 - database - INFO - Database connection closed
2025-11-27 15:40:23,473 - database - INFO - Database connection established
2025-11-27 15:40:23,474 - database - INFO - Database connection closed
2025-11-27 15:40:25,978 - database - INFO - Database connection established
2025-11-27 15:40:25,980 - database - INFO - Database connection closed
2025-11-27 15:40:26,001 - database - INFO - Database connection established
2025-11-27 15:40:26,002 - database - INFO - Database connection closed
2025-11-27 15:40:26,007 - database - INFO - Database connection established
2025-11-27 15:40:26,009 - database - INFO - Database connection closed
2025-11-27 15:40:26,041 - database - INFO - Database connection established
2025-11-27 15:40:26,042 - database - INFO - Database connection closed
2025-11-27 15:40:26,074 - database - INFO - Database connection established
2025-11-27 15:40:26,075 - database - INFO - Database connection closed
2025-11-27 15:40:26,077 - database - INFO - Database connection established
2025-11-27 15:40:26,078 - database - INFO - Database connection closed
2025-11-27 15:40:26,153 - database - INFO - Database connection established
2025-11-27 15:40:26,157 - database - INFO - Database connection closed
2025-11-27 15:40:27,918 - __main__ - INFO - Application started successfully
2025-11-27 15:40:31,756 - database - INFO - Database connection established
2025-11-27 15:40:31,761 - database - INFO - Database connection closed
2025-11-27 15:40:37,885 - __main__ - INFO - Starting Water Pump Management System
2025-11-27 15:40:37,921 - __main__ - INFO - Initializing database...
2025-11-27 15:40:37,967 - __main__ - INFO - Database initialized successfully
2025-11-27 15:40:37,968 - __main__ - INFO - Creating main window...
2025-11-27 15:40:50,004 - database - INFO - Database connection established
2025-11-27 15:40:50,010 - database - INFO - Database connection established
2025-11-27 15:40:50,015 - database - INFO - Database connection closed
2025-11-27 15:40:52,771 - database - INFO - Database connection established
2025-11-27 15:40:52,771 - database - INFO - Database connection closed
2025-11-27 15:40:56,044 - database - INFO - Database connection established
2025-11-27 15:40:56,046 - database - INFO - Database connection closed
2025-11-27 15:40:56,067 - database - INFO - Database connection established
2025-11-27 15:40:56,069 - database - INFO - Database connection closed
2025-11-27 15:40:56,073 - database - INFO - Database connection established
2025-11-27 15:40:56,075 - database - INFO - Database connection closed
2025-11-27 15:40:56,106 - database - INFO - Database connection established
2025-11-27 15:40:56,108 - database - INFO - Database connection closed
2025-11-27 15:40:56,140 - database - INFO - Database connection established
2025-11-27 15:40:56,141 - database - INFO - Database connection closed
2025-11-27 15:40:56,142 - database - INFO - Database connection established
2025-11-27 15:40:56,145 - database - INFO - Database connection closed
2025-11-27 15:40:56,219 - database - INFO - Database connection established
2025-11-27 15:40:56,222 - database - INFO - Database connection closed
2025-11-27 15:40:57,666 - __main__ - INFO - Application started successfully
2025-11-27 15:44:50,039 - database - INFO - Database connection established
2025-11-27 15:44:50,044 - database - INFO - Database connection closed
2025-11-27 15:54:17,233 - __main__ - INFO - Starting Water Pump Management System
2025-11-27 15:54:17,269 - __main__ - INFO - Initializing database...
2025-11-27 15:54:17,386 - __main__ - INFO - Database initialized successfully
2025-11-27 15:54:17,386 - __main__ - INFO - Creating main window...
2025-11-27 15:54:18,830 - __main__ - INFO - Application started successfully
2025-11-27 15:54:37,059 - __main__ - INFO - Starting Water Pump Management System
2025-11-27 15:54:37,096 - __main__ - INFO - Initializing database...
2025-11-27 15:54:37,141 - __main__ - INFO - Database initialized successfully
2025-11-27 15:54:37,141 - __main__ - INFO - Creating main window...
2025-11-27 15:54:38,022 - __main__ - INFO - Application started successfully
2025-11-27 15:57:29,153 - __main__ - INFO - Starting Water Pump Management System
2025-11-27 15:57:29,190 - __main__ - INFO - Initializing database...
2025-11-27 15:57:29,239 - __main__ - INFO - Database initialized successfully
2025-11-27 15:57:29,239 - __main__ - INFO - Creating main window...
2025-11-27 15:57:29,240 - __main__ - ERROR - Application failed to start: name 'QPixmap' is not defined
2025-11-27 15:58:55,851 - __main__ - INFO - Starting Water Pump Management System
2025-11-27 15:58:55,887 - __main__ - INFO - Initializing database...
2025-11-27 15:58:55,934 - __main__ - INFO - Database initialized successfully
2025-11-27 15:58:55,934 - __main__ - INFO - Creating main window...
2025-11-27 15:59:04,926 - database - INFO - Database connection established
2025-11-27 15:59:04,972 - database - INFO - Database connection established
2025-11-27 15:59:04,975 - database - INFO - Database connection closed
2025-11-27 15:59:07,650 - database - INFO - Database connection established
2025-11-27 15:59:07,651 - database - INFO - Database connection closed
2025-11-27 15:59:22,990 - database - INFO - Database connection established
2025-11-27 15:59:22,992 - database - INFO - Database connection closed
2025-11-27 15:59:23,014 - database - INFO - Database connection established
2025-11-27 15:59:23,015 - database - INFO - Database connection closed
2025-11-27 15:59:23,020 - database - INFO - Database connection established
2025-11-27 15:59:23,021 - database - INFO - Database connection closed
2025-11-27 15:59:23,053 - database - INFO - Database connection established
2025-11-27 15:59:23,054 - database - INFO - Database connection closed
2025-11-27 15:59:23,087 - database - INFO - Database connection established
2025-11-27 15:59:23,088 - database - INFO - Database connection closed
2025-11-27 15:59:23,090 - database - INFO - Database connection established
2025-11-27 15:59:23,093 - database - INFO - Database connection closed
2025-11-27 15:59:23,167 - database - INFO - Database connection established
2025-11-27 15:59:23,170 - database - INFO - Database connection closed
2025-11-27 15:59:24,334 - __main__ - INFO - Application started successfully
2025-11-27 16:00:18,099 - database - INFO - Database connection established
2025-11-27 16:00:18,104 - database - INFO - Database connection closed
2025-11-27 16:03:33,099 - __main__ - INFO - Starting Water Pump Management System
2025-11-27 16:03:33,135 - __main__ - INFO - Initializing database...
2025-11-27 16:03:33,184 - __main__ - INFO - Database initialized successfully
2025-11-27 16:03:33,184 - __main__ - INFO - Creating main window...
2025-11-27 16:03:42,270 - database - INFO - Database connection established
2025-11-27 16:03:42,523 - database - INFO - Database connection established
2025-11-27 16:03:42,528 - database - INFO - Database connection closed
2025-11-27 16:03:45,246 - database - INFO - Database connection established
2025-11-27 16:03:45,247 - database - INFO - Database connection closed
2025-11-27 16:03:46,705 - database - INFO - Database connection established
2025-11-27 16:03:46,707 - database - INFO - Database connection closed
2025-11-27 16:03:46,729 - database - INFO - Database connection established
2025-11-27 16:03:46,731 - database - INFO - Database connection closed
2025-11-27 16:03:46,735 - database - INFO - Database connection established
2025-11-27 16:03:46,737 - database - INFO - Database connection closed
2025-11-27 16:03:46,770 - database - INFO - Database connection established
2025-11-27 16:03:46,771 - database - INFO - Database connection closed
2025-11-27 16:03:46,803 - database - INFO - Database connection established
2025-11-27 16:03:46,804 - database - INFO - Database connection closed
2025-11-27 16:03:46,807 - database - INFO - Database connection established
2025-11-27 16:03:46,810 - database - INFO - Database connection closed
2025-11-27 16:03:46,885 - database - INFO - Database connection established
2025-11-27 16:03:46,888 - database - INFO - Database connection closed
2025-11-27 16:03:47,965 - __main__ - INFO - Application started successfully
2025-11-27 16:03:58,896 - database - INFO - Database connection established
2025-11-27 16:03:58,901 - database - INFO - Database connection closed
2025-11-27 19:10:24,944 - __main__ - INFO - Starting Water Pump Management System
2025-11-27 19:10:25,125 - __main__ - INFO - Initializing database...
2025-11-27 19:10:29,304 - database - ERROR - Database initialization failed: 2003 (HY000): Can't connect to MySQL server on 'localhost:3306' (10061)
2025-11-27 19:10:29,305 - __main__ - ERROR - Failed to initialize database
2025-11-27 19:10:45,106 - __main__ - INFO - Starting Water Pump Management System
2025-11-27 19:10:45,144 - __main__ - INFO - Initializing database...
2025-11-27 19:10:45,264 - __main__ - INFO - Database initialized successfully
2025-11-27 19:10:45,264 - __main__ - INFO - Creating main window...
2025-11-27 19:10:55,102 - database - INFO - Database connection established
2025-11-27 19:10:55,110 - database - INFO - Database connection established
2025-11-27 19:10:55,116 - database - INFO - Database connection closed
2025-11-27 19:10:57,893 - database - INFO - Database connection established
2025-11-27 19:10:57,894 - database - INFO - Database connection closed
2025-11-27 19:10:59,351 - database - INFO - Database connection established
2025-11-27 19:10:59,355 - database - INFO - Database connection closed
2025-11-27 19:10:59,383 - database - INFO - Database connection established
2025-11-27 19:10:59,388 - database - INFO - Database connection closed
2025-11-27 19:10:59,392 - database - INFO - Database connection established
2025-11-27 19:10:59,396 - database - INFO - Database connection closed
2025-11-27 19:10:59,439 - database - INFO - Database connection established
2025-11-27 19:10:59,442 - database - INFO - Database connection closed
2025-11-27 19:10:59,473 - database - INFO - Database connection established
2025-11-27 19:10:59,475 - database - INFO - Database connection closed
2025-11-27 19:10:59,476 - database - INFO - Database connection established
2025-11-27 19:10:59,478 - database - INFO - Database connection closed
2025-11-27 19:10:59,567 - database - INFO - Database connection established
2025-11-27 19:10:59,571 - database - INFO - Database connection closed
2025-11-27 19:11:00,235 - __main__ - INFO - Application started successfully
2025-11-27 19:11:10,846 - database - INFO - Database connection established
2025-11-27 19:11:10,851 - database - INFO - Database connection closed
2025-11-27 19:11:22,299 - __main__ - INFO - Starting Water Pump Management System
2025-11-27 19:11:22,343 - __main__ - INFO - Initializing database...
2025-11-27 19:11:22,512 - __main__ - INFO - Database initialized successfully
2025-11-27 19:11:22,512 - __main__ - INFO - Creating main window...
2025-11-27 19:11:39,429 - database - INFO - Database connection established
2025-11-27 19:11:39,437 - database - INFO - Database connection established
2025-11-27 19:11:39,443 - database - INFO - Database connection closed
2025-11-27 19:11:41,412 - database - INFO - Database connection established
2025-11-27 19:11:41,413 - database - INFO - Database connection closed
2025-11-27 19:11:42,368 - database - INFO - Database connection established
2025-11-27 19:11:42,370 - database - INFO - Database connection closed
2025-11-27 19:11:42,391 - database - INFO - Database connection established
2025-11-27 19:11:42,393 - database - INFO - Database connection closed
2025-11-27 19:11:42,397 - database - INFO - Database connection established
2025-11-27 19:11:42,398 - database - INFO - Database connection closed
2025-11-27 19:11:42,430 - database - INFO - Database connection established
2025-11-27 19:11:42,431 - database - INFO - Database connection closed
2025-11-27 19:11:42,465 - database - INFO - Database connection established
2025-11-27 19:11:42,466 - database - INFO - Database connection closed
2025-11-27 19:11:42,468 - database - INFO - Database connection established
2025-11-27 19:11:42,469 - database - INFO - Database connection closed
2025-11-27 19:11:42,544 - database - INFO - Database connection established
2025-11-27 19:11:42,547 - database - INFO - Database connection closed
2025-11-27 19:11:43,071 - __main__ - INFO - Application started successfully
2025-11-27 19:11:52,733 - database - INFO - Database connection established
2025-11-27 19:11:52,738 - database - INFO - Database connection closed
2025-11-27 19:13:11,932 - __main__ - INFO - Starting Water Pump Management System
2025-11-27 19:13:11,992 - __main__ - INFO - Initializing database...
2025-11-27 19:13:12,070 - __main__ - INFO - Database initialized successfully
2025-11-27 19:13:12,070 - __main__ - INFO - Creating main window...
2025-11-27 19:13:23,878 - database - INFO - Database connection established
2025-11-27 19:13:23,886 - database - INFO - Database connection established
2025-11-27 19:13:23,893 - database - INFO - Database connection closed
2025-11-27 19:13:26,879 - database - INFO - Database connection established
2025-11-27 19:13:26,880 - database - INFO - Database connection closed
2025-11-27 19:13:28,169 - database - INFO - Database connection established
2025-11-27 19:13:28,171 - database - INFO - Database connection closed
2025-11-27 19:13:28,192 - database - INFO - Database connection established
2025-11-27 19:13:28,194 - database - INFO - Database connection closed
2025-11-27 19:13:28,198 - database - INFO - Database connection established
2025-11-27 19:13:28,199 - database - INFO - Database connection closed
2025-11-27 19:13:28,231 - database - INFO - Database connection established
2025-11-27 19:13:28,232 - database - INFO - Database connection closed
2025-11-27 19:13:28,264 - database - INFO - Database connection established
2025-11-27 19:13:28,265 - database - INFO - Database connection closed
2025-11-27 19:13:28,267 - database - INFO - Database connection established
2025-11-27 19:13:28,269 - database - INFO - Database connection closed
2025-11-27 19:13:28,344 - database - INFO - Database connection established
2025-11-27 19:13:28,347 - database - INFO - Database connection closed
2025-11-27 19:13:28,834 - __main__ - INFO - Application started successfully
2025-11-27 19:13:37,156 - database - INFO - Database connection established
2025-11-27 19:13:37,162 - database - INFO - Database connection closed
2025-11-27 19:13:54,476 - __main__ - INFO - Starting Water Pump Management System
2025-11-27 19:13:54,514 - __main__ - INFO - Initializing database...
2025-11-27 19:13:54,577 - __main__ - INFO - Database initialized successfully
2025-11-27 19:13:54,577 - __main__ - INFO - Creating main window...
2025-11-27 19:14:01,094 - database - INFO - Database connection established
2025-11-27 19:14:01,101 - database - INFO - Database connection established
2025-11-27 19:14:01,107 - database - INFO - Database connection closed
2025-11-27 19:14:03,987 - database - INFO - Database connection established
2025-11-27 19:14:03,988 - database - INFO - Database connection closed
2025-11-27 19:14:04,576 - database - INFO - Database connection established
2025-11-27 19:14:04,578 - database - INFO - Database connection closed
2025-11-27 19:14:04,599 - database - INFO - Database connection established
2025-11-27 19:14:04,600 - database - INFO - Database connection closed
2025-11-27 19:14:04,604 - database - INFO - Database connection established
2025-11-27 19:14:04,606 - database - INFO - Database connection closed
2025-11-27 19:14:04,637 - database - INFO - Database connection established
2025-11-27 19:14:04,639 - database - INFO - Database connection closed
2025-11-27 19:14:04,670 - database - INFO - Database connection established
2025-11-27 19:14:04,672 - database - INFO - Database connection closed
2025-11-27 19:14:04,674 - database - INFO - Database connection established
2025-11-27 19:14:04,676 - database - INFO - Database connection closed
2025-11-27 19:14:04,752 - database - INFO - Database connection established
2025-11-27 19:14:04,755 - database - INFO - Database connection closed
2025-11-27 19:14:05,217 - __main__ - INFO - Application started successfully
2025-11-27 19:14:19,738 - database - INFO - Database connection established
2025-11-27 19:14:19,742 - database - INFO - Database connection closed
2025-11-27 19:18:16,616 - __main__ - INFO - Starting Water Pump Management System
2025-11-27 19:18:16,653 - __main__ - INFO - Initializing database...
2025-11-27 19:18:16,769 - __main__ - INFO - Database initialized successfully
2025-11-27 19:18:16,769 - __main__ - INFO - Creating main window...
2025-11-27 19:18:28,303 - __main__ - INFO - Application started successfully
2025-11-27 19:18:46,702 - __main__ - INFO - Starting Water Pump Management System
2025-11-27 19:18:46,740 - __main__ - INFO - Initializing database...
2025-11-27 19:18:46,786 - __main__ - INFO - Database initialized successfully
2025-11-27 19:18:46,786 - __main__ - INFO - Creating main window...
2025-11-27 19:18:51,609 - __main__ - INFO - Application started successfully
2025-11-27 19:19:01,559 - database - INFO - Database connection established
2025-11-27 19:19:14,503 - __main__ - INFO - Starting Water Pump Management System
2025-11-27 19:19:14,539 - __main__ - INFO - Initializing database...
2025-11-27 19:19:14,584 - __main__ - INFO - Database initialized successfully
2025-11-27 19:19:14,584 - __main__ - INFO - Creating main window...
2025-11-27 19:19:28,570 - __main__ - INFO - Starting Water Pump Management System
2025-11-27 19:19:28,611 - __main__ - INFO - Initializing database...
2025-11-27 19:19:28,659 - __main__ - INFO - Database initialized successfully
2025-11-27 19:19:28,659 - __main__ - INFO - Creating main window...
2025-11-27 19:19:39,205 - __main__ - INFO - Application started successfully
2025-11-27 19:19:55,854 - __main__ - INFO - Starting Water Pump Management System
2025-11-27 19:19:55,890 - __main__ - INFO - Initializing database...
2025-11-27 19:19:55,935 - __main__ - INFO - Database initialized successfully
2025-11-27 19:19:55,936 - __main__ - INFO - Creating main window...
2025-11-27 19:20:17,722 - __main__ - INFO - Starting Water Pump Management System
2025-11-27 19:20:17,758 - __main__ - INFO - Initializing database...
2025-11-27 19:20:17,804 - __main__ - INFO - Database initialized successfully
2025-11-27 19:20:17,804 - __main__ - INFO - Creating main window...
2025-11-27 19:20:23,062 - __main__ - INFO - Application started successfully
2025-11-27 19:20:58,624 - __main__ - INFO - Starting Water Pump Management System
2025-11-27 19:20:58,664 - __main__ - INFO - Initializing database...
2025-11-27 19:20:58,709 - __main__ - INFO - Database initialized successfully
2025-11-27 19:20:58,709 - __main__ - INFO - Creating main window...
2025-11-27 19:21:29,537 - __main__ - INFO - Starting Water Pump Management System
2025-11-27 19:21:29,582 - __main__ - INFO - Initializing database...
2025-11-27 19:21:29,640 - __main__ - INFO - Database initialized successfully
2025-11-27 19:21:29,640 - __main__ - INFO - Creating main window...
2025-11-27 19:21:33,331 - __main__ - INFO - Application started successfully
2025-11-27 19:21:41,434 - __main__ - INFO - Starting Water Pump Management System
2025-11-27 19:21:41,470 - __main__ - INFO - Initializing database...
2025-11-27 19:21:41,516 - __main__ - INFO - Database initialized successfully
2025-11-27 19:21:41,516 - __main__ - INFO - Creating main window...
2025-11-27 19:21:44,529 - __main__ - INFO - Application started successfully
2025-11-27 19:22:00,226 - __main__ - INFO - Starting Water Pump Management System
2025-11-27 19:22:00,263 - __main__ - INFO - Initializing database...
2025-11-27 19:22:00,309 - __main__ - INFO - Database initialized successfully
2025-11-27 19:22:00,309 - __main__ - INFO - Creating main window...
2025-11-27 19:22:06,475 - __main__ - INFO - Application started successfully
2025-11-27 19:25:13,880 - __main__ - INFO - Starting Water Pump Management System
2025-11-27 19:25:13,916 - __main__ - INFO - Initializing database...
2025-11-27 19:25:14,030 - __main__ - INFO - Database initialized successfully
2025-11-27 19:25:14,030 - __main__ - INFO - Creating main window...
2025-11-27 19:25:29,189 - database - INFO - Database connection established
2025-11-27 19:25:29,197 - database - INFO - Database connection established
2025-11-27 19:25:29,201 - database - INFO - Database connection closed
2025-11-27 19:25:31,410 - database - INFO - Database connection established
2025-11-27 19:25:31,411 - database - INFO - Database connection closed
2025-11-27 19:25:39,688 - database - INFO - Database connection established
2025-11-27 19:25:39,690 - database - INFO - Database connection closed
2025-11-27 19:25:39,711 - database - INFO - Database connection established
2025-11-27 19:25:39,712 - database - INFO - Database connection closed
2025-11-27 19:25:39,717 - database - INFO - Database connection established
2025-11-27 19:25:39,718 - database - INFO - Database connection closed
2025-11-27 19:25:39,749 - database - INFO - Database connection established
2025-11-27 19:25:39,751 - database - INFO - Database connection closed
2025-11-27 19:25:39,783 - database - INFO - Database connection established
2025-11-27 19:25:39,784 - database - INFO - Database connection closed
2025-11-27 19:25:39,786 - database - INFO - Database connection established
2025-11-27 19:25:39,788 - database - INFO - Database connection closed
2025-11-27 19:25:39,864 - database - INFO - Database connection established
2025-11-27 19:25:39,868 - database - INFO - Database connection closed
2025-11-27 19:25:40,639 - __main__ - INFO - Application started successfully
2025-11-27 19:25:46,532 - database - INFO - Database connection established
2025-11-27 19:25:46,537 - database - INFO - Database connection closed
2025-11-27 19:51:21,932 - __main__ - INFO - Starting Water Pump Management System
2025-11-27 19:51:21,968 - __main__ - INFO - Initializing database...
2025-11-27 19:51:22,082 - __main__ - INFO - Database initialized successfully
2025-11-27 19:51:22,082 - __main__ - INFO - Creating main window...
2025-11-27 19:51:42,516 - database - INFO - Database connection established
2025-11-27 19:51:43,573 - database - INFO - Database connection established
2025-11-27 19:51:43,578 - database - INFO - Database connection closed
2025-11-27 19:51:51,243 - database - INFO - Database connection established
2025-11-27 19:51:51,250 - database - INFO - Database connection established
2025-11-27 19:51:51,256 - database - INFO - Database connection closed
2025-11-27 19:51:53,968 - database - INFO - Database connection established
2025-11-27 19:51:53,969 - database - INFO - Database connection closed
2025-11-27 19:51:53,990 - database - INFO - Database connection established
2025-11-27 19:51:53,992 - database - INFO - Database connection closed
2025-11-27 19:51:54,011 - database - INFO - Database connection established
2025-11-27 19:51:54,013 - database - INFO - Database connection closed
2025-11-27 19:51:54,017 - database - INFO - Database connection established
2025-11-27 19:51:54,018 - database - INFO - Database connection closed
2025-11-27 19:51:54,048 - database - INFO - Database connection established
2025-11-27 19:51:54,049 - database - INFO - Database connection closed
2025-11-27 19:51:54,080 - database - INFO - Database connection established
2025-11-27 19:51:54,081 - database - INFO - Database connection closed
2025-11-27 19:51:54,082 - database - INFO - Database connection established
2025-11-27 19:51:54,084 - database - INFO - Database connection closed
2025-11-27 19:51:54,158 - database - INFO - Database connection established
2025-11-27 19:51:54,161 - database - INFO - Database connection closed
2025-11-27 19:51:55,110 - __main__ - INFO - Application started successfully
2025-11-27 19:52:32,446 - database - INFO - Database connection established
2025-11-27 19:52:32,447 - database - INFO - Database connection closed
2025-11-27 19:52:33,560 - database - INFO - Database connection established
2025-11-27 19:52:33,560 - database - INFO - Database connection closed
2025-11-27 19:52:43,901 - database - INFO - Database connection established
2025-11-27 19:52:43,905 - database - INFO - Database connection closed
